// Jest Snapshot v1, https://goo.gl/fbAQLP

exports[`renders a snapshot of GitHubCard 1`] = `
<div
  className="card"
  style={
    Object {
      "width": "18rem",
    }
  }
>
  <img
    className="card-img-top"
    src="/me.jpg"
    width={100}
  />
  <div
    className="card-body"
  >
    <div
      className="card-title h5"
    >
      anmichaelgelo
    </div>
    <p
      className="card-text"
    >
      Neque porro quisquam est qui dolorem ipsum quia dolor sit amet, consectetur, adipisci velit...
    </p>
    <button
      className="btn btn-primary"
      disabled={false}
      type="button"
    >
      Go somewhere
    </button>
  </div>
</div>
`;
